// Jest Snapshot v1, https://goo.gl/fbAQLP

exports[`List.vue 스냅샷 테스트(Jest) 1`] = `
<span
  name="list"
  tag="ul"
>
  <li
    class=""
  >
    <span>
      Watching Movie
    </span>
     
    <!---->
     
    <span
      class="close"
    >
      ×
    </span>
  </li>
  <li
    class="checked"
  >
    <span>
      Walking
    </span>
     
    <span>
      (done)
    </span>
     
    <span
      class="close"
    >
      ×
    </span>
  </li>
  <li
    class=""
  >
    <span>
      ES6 Study
    </span>
     
    <!---->
     
    <span
      class="close"
    >
      ×
    </span>
  </li>
  <li
    class=""
  >
    <span>
      Basketball Game
    </span>
     
    <!---->
     
    <span
      class="close"
    >
      ×
    </span>
  </li>
  <li
    class=""
  >
    <span>
      스쿼시2
    </span>
     
    <!---->
     
    <span
      class="close"
    >
      ×
    </span>
  </li>
</span>
`;
